Archive member included to satisfy reference by file (symbol)

C:/ST/STM32CubeIDE_1.17.0/STM32CubeIDE/plugins/com.st.stm32cube.ide.mcu.externaltools.gnu-tools-for-stm32.12.3.rel1.win32_1.1.0.202410251130/tools/bin/../lib/gcc/arm-none-eabi/12.3.1/../../../../arm-none-eabi/lib/thumb/v6-m/nofp\libc_nano.a(libc_a-exit.o)
                              C:/ST/STM32CubeIDE_1.17.0/STM32CubeIDE/plugins/com.st.stm32cube.ide.mcu.externaltools.gnu-tools-for-stm32.12.3.rel1.win32_1.1.0.202410251130/tools/bin/../lib/gcc/arm-none-eabi/12.3.1/../../../../arm-none-eabi/lib/thumb/v6-m/nofp/crt0.o (exit)
C:/ST/STM32CubeIDE_1.17.0/STM32CubeIDE/plugins/com.st.stm32cube.ide.mcu.externaltools.gnu-tools-for-stm32.12.3.rel1.win32_1.1.0.202410251130/tools/bin/../lib/gcc/arm-none-eabi/12.3.1/../../../../arm-none-eabi/lib/thumb/v6-m/nofp\libc_nano.a(libc_a-findfp.o)
                              C:/ST/STM32CubeIDE_1.17.0/STM32CubeIDE/plugins/com.st.stm32cube.ide.mcu.externaltools.gnu-tools-for-stm32.12.3.rel1.win32_1.1.0.202410251130/tools/bin/../lib/gcc/arm-none-eabi/12.3.1/../../../../arm-none-eabi/lib/thumb/v6-m/nofp\libc_nano.a(libc_a-exit.o) (__stdio_exit_handler)
C:/ST/STM32CubeIDE_1.17.0/STM32CubeIDE/plugins/com.st.stm32cube.ide.mcu.externaltools.gnu-tools-for-stm32.12.3.rel1.win32_1.1.0.202410251130/tools/bin/../lib/gcc/arm-none-eabi/12.3.1/../../../../arm-none-eabi/lib/thumb/v6-m/nofp\libc_nano.a(libc_a-fwalk.o)
                              C:/ST/STM32CubeIDE_1.17.0/STM32CubeIDE/plugins/com.st.stm32cube.ide.mcu.externaltools.gnu-tools-for-stm32.12.3.rel1.win32_1.1.0.202410251130/tools/bin/../lib/gcc/arm-none-eabi/12.3.1/../../../../arm-none-eabi/lib/thumb/v6-m/nofp\libc_nano.a(libc_a-findfp.o) (_fwalk_sglue)
C:/ST/STM32CubeIDE_1.17.0/STM32CubeIDE/plugins/com.st.stm32cube.ide.mcu.externaltools.gnu-tools-for-stm32.12.3.rel1.win32_1.1.0.202410251130/tools/bin/../lib/gcc/arm-none-eabi/12.3.1/../../../../arm-none-eabi/lib/thumb/v6-m/nofp\libc_nano.a(libc_a-stdio.o)
                              C:/ST/STM32CubeIDE_1.17.0/STM32CubeIDE/plugins/com.st.stm32cube.ide.mcu.externaltools.gnu-tools-for-stm32.12.3.rel1.win32_1.1.0.202410251130/tools/bin/../lib/gcc/arm-none-eabi/12.3.1/../../../../arm-none-eabi/lib/thumb/v6-m/nofp\libc_nano.a(libc_a-findfp.o) (__sread)
C:/ST/STM32CubeIDE_1.17.0/STM32CubeIDE/plugins/com.st.stm32cube.ide.mcu.externaltools.gnu-tools-for-stm32.12.3.rel1.win32_1.1.0.202410251130/tools/bin/../lib/gcc/arm-none-eabi/12.3.1/../../../../arm-none-eabi/lib/thumb/v6-m/nofp\libc_nano.a(libc_a-memset.o)
                              C:/ST/STM32CubeIDE_1.17.0/STM32CubeIDE/plugins/com.st.stm32cube.ide.mcu.externaltools.gnu-tools-for-stm32.12.3.rel1.win32_1.1.0.202410251130/tools/bin/../lib/gcc/arm-none-eabi/12.3.1/../../../../arm-none-eabi/lib/thumb/v6-m/nofp/crt0.o (memset)
C:/ST/STM32CubeIDE_1.17.0/STM32CubeIDE/plugins/com.st.stm32cube.ide.mcu.externaltools.gnu-tools-for-stm32.12.3.rel1.win32_1.1.0.202410251130/tools/bin/../lib/gcc/arm-none-eabi/12.3.1/../../../../arm-none-eabi/lib/thumb/v6-m/nofp\libc_nano.a(libc_a-closer.o)
                              C:/ST/STM32CubeIDE_1.17.0/STM32CubeIDE/plugins/com.st.stm32cube.ide.mcu.externaltools.gnu-tools-for-stm32.12.3.rel1.win32_1.1.0.202410251130/tools/bin/../lib/gcc/arm-none-eabi/12.3.1/../../../../arm-none-eabi/lib/thumb/v6-m/nofp\libc_nano.a(libc_a-stdio.o) (_close_r)
C:/ST/STM32CubeIDE_1.17.0/STM32CubeIDE/plugins/com.st.stm32cube.ide.mcu.externaltools.gnu-tools-for-stm32.12.3.rel1.win32_1.1.0.202410251130/tools/bin/../lib/gcc/arm-none-eabi/12.3.1/../../../../arm-none-eabi/lib/thumb/v6-m/nofp\libc_nano.a(libc_a-reent.o)
                              C:/ST/STM32CubeIDE_1.17.0/STM32CubeIDE/plugins/com.st.stm32cube.ide.mcu.externaltools.gnu-tools-for-stm32.12.3.rel1.win32_1.1.0.202410251130/tools/bin/../lib/gcc/arm-none-eabi/12.3.1/../../../../arm-none-eabi/lib/thumb/v6-m/nofp\libc_nano.a(libc_a-closer.o) (errno)
C:/ST/STM32CubeIDE_1.17.0/STM32CubeIDE/plugins/com.st.stm32cube.ide.mcu.externaltools.gnu-tools-for-stm32.12.3.rel1.win32_1.1.0.202410251130/tools/bin/../lib/gcc/arm-none-eabi/12.3.1/../../../../arm-none-eabi/lib/thumb/v6-m/nofp\libc_nano.a(libc_a-impure.o)
                              C:/ST/STM32CubeIDE_1.17.0/STM32CubeIDE/plugins/com.st.stm32cube.ide.mcu.externaltools.gnu-tools-for-stm32.12.3.rel1.win32_1.1.0.202410251130/tools/bin/../lib/gcc/arm-none-eabi/12.3.1/../../../../arm-none-eabi/lib/thumb/v6-m/nofp\libc_nano.a(libc_a-reent.o) (_impure_ptr)
C:/ST/STM32CubeIDE_1.17.0/STM32CubeIDE/plugins/com.st.stm32cube.ide.mcu.externaltools.gnu-tools-for-stm32.12.3.rel1.win32_1.1.0.202410251130/tools/bin/../lib/gcc/arm-none-eabi/12.3.1/../../../../arm-none-eabi/lib/thumb/v6-m/nofp\libc_nano.a(libc_a-lseekr.o)
[...]
Memory Configuration

Name             Origin             Length             Attributes
RAM              0x20000000         0x00001000         xrw
FLASH            0x08000000         0x00004000         xr
*default*        0x00000000         0xffffffff

Linker script and memory map

LOAD C:/ST/STM32CubeIDE_1.17.0/STM32CubeIDE/plugins/com.st.stm32cube.ide.mcu.externaltools.gnu-tools-for-stm32.12.3.rel1.win32_1.1.0.202410251130/tools/bin/../lib/gcc/arm-none-eabi/12.3.1/thumb/v6-m/nofp/crti.o
LOAD C:/ST/STM32CubeIDE_1.17.0/STM32CubeIDE/plugins/com.st.stm32cube.ide.mcu.externaltools.gnu-tools-for-stm32.12.3.rel1.win32_1.1.0.202410251130/tools/bin/../lib/gcc/arm-none-eabi/12.3.1/thumb/v6-m/nofp/crtbegin.o
LOAD C:/ST/STM32CubeIDE_1.17.0/STM32CubeIDE/plugins/com.st.stm32cube.ide.mcu.externaltools.gnu-tools-for-stm32.12.3.rel1.win32_1.1.0.202410251130/tools/bin/../lib/gcc/arm-none-eabi/12.3.1/../../../../arm-none-eabi/lib/thumb/v6-m/nofp/crt0.o
LOAD ./Core/Src/main.o
LOAD ./Core/Src/stm32f0xx_hal_msp.o
LOAD ./Core/Src/stm32f0xx_it.o
LOAD ./Core/Src/syscalls.o
LOAD ./Core/Src/sysmem.o
LOAD ./Core/Src/system_stm32f0xx.o
LOAD ./Core/Src/ws2812b.o
LOAD ./Core/Startup/startup_stm32f030f4px.o
LOAD ./Drivers/STM32F0xx_HAL_Driver/Src/stm32f0xx_hal.o
LOAD ./Drivers/STM32F0xx_HAL_Driver/Src/stm32f0xx_hal_cortex.o
LOAD ./Drivers/STM32F0xx_HAL_Driver/Src/stm32f0xx_hal_dma.o
LOAD ./Drivers/STM32F0xx_HAL_Driver/Src/stm32f0xx_hal_exti.o
LOAD ./Drivers/STM32F0xx_HAL_Driver/Src/stm32f0xx_hal_flash.o
LOAD ./Drivers/STM32F0xx_HAL_Driver/Src/stm32f0xx_hal_flash_ex.o
LOAD ./Drivers/STM32F0xx_HAL_Driver/Src/stm32f0xx_hal_gpio.o
LOAD ./Drivers/STM32F0xx_HAL_Driver/Src/stm32f0xx_hal_i2c.o
LOAD ./Drivers/STM32F0xx_HAL_Driver/Src/stm32f0xx_hal_i2c_ex.o
LOAD ./Drivers/STM32F0xx_HAL_Driver/Src/stm32f0xx_hal_pwr.o
LOAD ./Drivers/STM32F0xx_HAL_Driver/Src/stm32f0xx_hal_pwr_ex.o
LOAD ./Drivers/STM32F0xx_HAL_Driver/Src/stm32f0xx_hal_rcc.o
LOAD ./Drivers/STM32F0xx_HAL_Driver/Src/stm32f0xx_hal_rcc_ex.o
LOAD ./Drivers/STM32F0xx_HAL_Driver/Src/stm32f0xx_hal_tim.o
LOAD ./Drivers/STM32F0xx_HAL_Driver/Src/stm32f0xx_hal_tim_ex.o
START GROUP
LOAD C:/ST/STM32CubeIDE_1.17.0/STM32CubeIDE/plugins/com.st.stm32cube.ide.mcu.externaltools.gnu-tools-for-stm32.12.3.rel1.win32_1.1.0.202410251130/tools/bin/../lib/gcc/arm-none-eabi/12.3.1/../../../../arm-none-eabi/lib/thumb/v6-m/nofp\libc_nano.a
LOAD C:/ST/STM32CubeIDE_1.17.0/STM32CubeIDE/plugins/com.st.stm32cube.ide.mcu.externaltools.gnu-tools-for-stm32.12.3.rel1.win32_1.1.0.202410251130/tools/bin/../lib/gcc/arm-none-eabi/12.3.1/../../../../arm-none-eabi/lib/thumb/v6-m/nofp\libm.a
END GROUP
START GROUP
LOAD C:/ST/STM32CubeIDE_1.17.0/STM32CubeIDE/plugins/com.st.stm32cube.ide.mcu.externaltools.gnu-tools-for-stm32.12.3.rel1.win32_1.1.0.202410251130/tools/bin/../lib/gcc/arm-none-eabi/12.3.1/thumb/v6-m/nofp\libgcc.a
LOAD C:/ST/STM32CubeIDE_1.17.0/STM32CubeIDE/plugins/com.st.stm32cube.ide.mcu.externaltools.gnu-tools-for-stm32.12.3.rel1.win32_1.1.0.202410251130/tools/bin/../lib/gcc/arm-none-eabi/12.3.1/../../../../arm-none-eabi/lib/thumb/v6-m/nofp\libc_nano.a
END GROUP
START GROUP
LOAD C:/ST/STM32CubeIDE_1.17.0/STM32CubeIDE/plugins/com.st.stm32cube.ide.mcu.externaltools.gnu-tools-for-stm32.12.3.rel1.win32_1.1.0.202410251130/tools/bin/../lib/gcc/arm-none-eabi/12.3.1/thumb/v6-m/nofp\libgcc.a
LOAD C:/ST/STM32CubeIDE_1.17.0/STM32CubeIDE/plugins/com.st.stm32cube.ide.mcu.externaltools.gnu-tools-for-stm32.12.3.rel1.win32_1.1.0.202410251130/tools/bin/../lib/gcc/arm-none-eabi/12.3.1/../../../../arm-none-eabi/lib/thumb/v6-m/nofp\libc_nano.a
LOAD C:/ST/STM32CubeIDE_1.17.0/STM32CubeIDE/plugins/com.st.stm32cube.ide.mcu.externaltools.gnu-tools-for-stm32.12.3.rel1.win32_1.1.0.202410251130/tools/bin/../lib/gcc/arm-none-eabi/12.3.1/../../../../arm-none-eabi/lib/thumb/v6-m/nofp\libnosys.a
END GROUP
START GROUP
LOAD C:/ST/STM32CubeIDE_1.17.0/STM32CubeIDE/plugins/com.st.stm32cube.ide.mcu.externaltools.gnu-tools-for-stm32.12.3.rel1.win32_1.1.0.202410251130/tools/bin/../lib/gcc/arm-none-eabi/12.3.1/thumb/v6-m/nofp\libgcc.a
LOAD C:/ST/STM32CubeIDE_1.17.0/STM32CubeIDE/plugins/com.st.stm32cube.ide.mcu.externaltools.gnu-tools-for-stm32.12.3.rel1.win32_1.1.0.202410251130/tools/bin/../lib/gcc/arm-none-eabi/12.3.1/../../../../arm-none-eabi/lib/thumb/v6-m/nofp\libc_nano.a
LOAD C:/ST/STM32CubeIDE_1.17.0/STM32CubeIDE/plugins/com.st.stm32cube.ide.mcu.externaltools.gnu-tools-for-stm32.12.3.rel1.win32_1.1.0.202410251130/tools/bin/../lib/gcc/arm-none-eabi/12.3.1/../../../../arm-none-eabi/lib/thumb/v6-m/nofp\libnosys.a
END GROUP
LOAD C:/ST/STM32CubeIDE_1.17.0/STM32CubeIDE/plugins/com.st.stm32cube.ide.mcu.externaltools.gnu-tools-for-stm32.12.3.rel1.win32_1.1.0.202410251130/tools/bin/../lib/gcc/arm-none-eabi/12.3.1/thumb/v6-m/nofp/crtend.o
LOAD C:/ST/STM32CubeIDE_1.17.0/STM32CubeIDE/plugins/com.st.stm32cube.ide.mcu.externaltools.gnu-tools-for-stm32.12.3.rel1.win32_1.1.0.202410251130/tools/bin/../lib/gcc/arm-none-eabi/12.3.1/thumb/v6-m/nofp/crtn.o
                0x20001000                        _estack = (ORIGIN (RAM) + LENGTH (RAM))
                0x00000200                        _Min_Heap_Size = 0x200
                0x00000400                        _Min_Stack_Size = 0x400

.isr_vector     0x08000000       0xc0
                0x08000000                        . = ALIGN (0x4)
 *(.isr_vector)
 .isr_vector    0x08000000       0xc0 ./Core/Startup/startup_stm32f030f4px.o
                0x08000000                g_pfnVectors
                0x080000c0                        . = ALIGN (0x4)

.text           0x080000c0     0x1fac
                0x080000c0                        . = ALIGN (0x4)
 *(.text)
 .text          0x080000c0       0x48 C:/ST/STM32CubeIDE_1.17.0/STM32CubeIDE/plugins/com.st.stm32cube.ide.mcu.externaltools.gnu-tools-for-stm32.12.3.rel1.win32_1.1.0.202410251130/tools/bin/../lib/gcc/arm-none-eabi/12.3.1/thumb/v6-m/nofp/crtbegin.o
 .text          0x08000108       0x14 C:/ST/STM32CubeIDE_1.17.0/STM32CubeIDE/plugins/com.st.stm32cube.ide.mcu.externaltools.gnu-tools-for-stm32.12.3.rel1.win32_1.1.0.202410251130/tools/bin/../lib/gcc/arm-none-eabi/12.3.1/thumb/v6-m/nofp\libgcc.a(_thumb1_case_uqi.o)
                0x08000108                __gnu_thumb1_case_uqi
 .text          0x0800011c      0x114 C:/ST/STM32CubeIDE_1.17.0/STM32CubeIDE/plugins/com.st.stm32cube.ide.mcu.externaltools.gnu-tools-for-stm32.12.3.rel1.win32_1.1.0.202410251130/tools/bin/../lib/gcc/arm-none-eabi/12.3.1/thumb/v6-m/nofp\libgcc.a(_udivsi3.o)
                0x0800011c                __aeabi_uidiv
                0x0800011c                __udivsi3
                0x08000228                __aeabi_uidivmod
 .text          0x08000230      0x1d4 C:/ST/STM32CubeIDE_1.17.0/STM32CubeIDE/plugins/com.st.stm32cube.ide.mcu.externaltools.gnu-tools-for-stm32.12.3.rel1.win32_1.1.0.202410251130/tools/bin/../lib/gcc/arm-none-eabi/12.3.1/thumb/v6-m/nofp\libgcc.a(_divsi3.o)
                0x08000230                __divsi3
                0x08000230                __aeabi_idiv
                0x080003fc                __aeabi_idivmod
 .text          0x08000404        0x4 C:/ST/STM32CubeIDE_1.17.0/STM32CubeIDE/plugins/com.st.stm32cube.ide.mcu.externaltools.gnu-tools-for-stm32.12.3.rel1.win32_1.1.0.202410251130/tools/bin/../lib/gcc/arm-none-eabi/12.3.1/thumb/v6-m/nofp\libgcc.a(_dvmd_tls.o)
                0x08000404                __aeabi_idiv0
                0x08000404                __aeabi_ldiv0
 *(.text*)
 .text.SystemClock_Config
                0x08000408       0x58 ./Core/Src/main.o
                0x08000408                SystemClock_Config
 .text.HandleButtonPress
                0x08000460       0x58 ./Core/Src/main.o
                0x08000460                HandleButtonPress
 .text.startup.main
                0x080004b8      0x120 ./Core/Src/main.o
                0x080004b8                main
 .text.HAL_TIM_PWM_PulseFinishedCallback
                0x080005d8       0x14 ./Core/Src/main.o
                0x080005d8                HAL_TIM_PWM_PulseFinishedCallback
 .text.Error_Handler
                0x080005ec        0x4 ./Core/Src/main.o
                0x080005ec                Error_Handler
 .text.HAL_MspInit
                0x080005f0       0x30 ./Core/Src/stm32f0xx_hal_msp.o
                0x080005f0                HAL_MspInit
 .text.HAL_TIM_Base_MspInit
                0x08000620       0x74 ./Core/Src/stm32f0xx_hal_msp.o
                0x08000620                HAL_TIM_Base_MspInit
 .text.HAL_TIM_MspPostInit
                0x08000694       0x50 ./Core/Src/stm32f0xx_hal_msp.o
                0x08000694                HAL_TIM_MspPostInit
 .text.NMI_Handler
                0x080006e4        0x2 ./Core/Src/stm32f0xx_it.o
                0x080006e4                NMI_Handler
 .text.HardFault_Handler
                0x080006e6        0x2 ./Core/Src/stm32f0xx_it.o
                0x080006e6                HardFault_Handler
 .text.SVC_Handler
                0x080006e8        0x2 ./Core/Src/stm32f0xx_it.o
                0x080006e8                SVC_Handler
 .text.PendSV_Handler
                0x080006ea        0x2 ./Core/Src/stm32f0xx_it.o
                0x080006ea                PendSV_Handler
 .text.SysTick_Handler
                0x080006ec        0x8 ./Core/Src/stm32f0xx_it.o
                0x080006ec                SysTick_Handler
 .text.DMA1_Channel4_5_IRQHandler
                0x080006f4       0x10 ./Core/Src/stm32f0xx_it.o
                0x080006f4                DMA1_Channel4_5_IRQHandler
 .text.TIM3_IRQHandler
                0x08000704       0x10 ./Core/Src/stm32f0xx_it.o
                0x08000704                TIM3_IRQHandler
 .text.SystemInit
                0x08000714        0x2 ./Core/Src/system_stm32f0xx.o
                0x08000714                SystemInit
 *fill*         0x08000716        0x2 
 .text.WS2812B_Color
                0x08000718       0x38 ./Core/Src/ws2812b.o
                0x08000718                WS2812B_Color
 .text.WS2812B_PrepareBuffer
                0x08000750       0xb4 ./Core/Src/ws2812b.o
                0x08000750                WS2812B_PrepareBuffer
 .text.WS2812B_SendToLEDs
                0x08000804       0x50 ./Core/Src/ws2812b.o
                0x08000804                WS2812B_SendToLEDs
 .text.WS2812B_TIM_DMADelayPulseFinished
                0x08000854        0xc ./Core/Src/ws2812b.o
                0x08000854                WS2812B_TIM_DMADelayPulseFinished
 .text.WS2812B_SetLogoColors
                0x08000860       0x58 ./Core/Src/ws2812b.o
                0x08000860                WS2812B_SetLogoColors
 .text.WS2812B_Init
                0x080008b8       0x18 ./Core/Src/ws2812b.o
                0x080008b8                WS2812B_Init
 .text.WS2812B_BreatheEffect
                0x080008d0       0x5c ./Core/Src/ws2812b.o
                0x080008d0                WS2812B_BreatheEffect
 .text.WS2812B_WaveEffect
                0x0800092c       0x88 ./Core/Src/ws2812b.o
                0x0800092c                WS2812B_WaveEffect
 .text.WS2812B_PulseEffect
                0x080009b4       0x4c ./Core/Src/ws2812b.o
                0x080009b4                WS2812B_PulseEffect
 .text.WS2812B_Wheel
                0x08000a00       0x48 ./Core/Src/ws2812b.o
                0x08000a00                WS2812B_Wheel
 .text.WS2812B_RainbowEffect
                0x08000a48       0x70 ./Core/Src/ws2812b.o
                0x08000a48                WS2812B_RainbowEffect
 .text.ws_random_byte
                0x08000ab8       0x28 ./Core/Src/ws2812b.o
                0x08000ab8                ws_random_byte
 .text.WS2812B_SparkleEffect
                0x08000ae0       0x80 ./Core/Src/ws2812b.o
                0x08000ae0                WS2812B_SparkleEffect
 .text.WS2812B_RunEffect
                0x08000b60       0x30 ./Core/Src/ws2812b.o
                0x08000b60                WS2812B_RunEffect
 .text.Reset_Handler
                0x08000b90       0x50 ./Core/Startup/startup_stm32f030f4px.o
                0x08000b90                Reset_Handler
 .text.Default_Handler
                0x08000be0        0x2 ./Core/Startup/startup_stm32f030f4px.o
                0x08000be0                TIM1_CC_IRQHandler
                0x08000be0                I2C1_IRQHandler
                0x08000be0                SPI1_IRQHandler
                0x08000be0                EXTI2_3_IRQHandler
                0x08000be0                ADC1_IRQHandler
                0x08000be0                TIM17_IRQHandler
                0x08000be0                RTC_IRQHandler
                0x08000be0                TIM16_IRQHandler
                0x08000be0                EXTI4_15_IRQHandler
                0x08000be0                RCC_IRQHandler
                0x08000be0                DMA1_Channel1_IRQHandler
                0x08000be0                Default_Handler
                0x08000be0                TIM14_IRQHandler
                0x08000be0                EXTI0_1_IRQHandler
                0x08000be0                WWDG_IRQHandler
                0x08000be0                DMA1_Channel2_3_IRQHandler
                0x08000be0                FLASH_IRQHandler
                0x08000be0                USART1_IRQHandler
                0x08000be0                TIM1_BRK_UP_TRG_COM_IRQHandler
 *fill*         0x08000be2        0x2 
 .text.HAL_InitTick
                0x08000be4       0x48 ./Drivers/STM32F0xx_HAL_Driver/Src/stm32f0xx_hal.o
                0x08000be4                HAL_InitTick
 .text.HAL_Init
                0x08000c2c       0x20 ./Drivers/STM32F0xx_HAL_Driver/Src/stm32f0xx_hal.o
                0x08000c2c                HAL_Init
 .text.HAL_IncTick
                0x08000c4c       0x18 ./Drivers/STM32F0xx_HAL_Driver/Src/stm32f0xx_hal.o
                0x08000c4c                HAL_IncTick
 .text.HAL_GetTick
                0x08000c64        0xc ./Drivers/STM32F0xx_HAL_Driver/Src/stm32f0xx_hal.o
                0x08000c64                HAL_GetTick
 .text.HAL_Delay
                0x08000c70       0x24 ./Drivers/STM32F0xx_HAL_Driver/Src/stm32f0xx_hal.o
                0x08000c70                HAL_Delay
 .text.HAL_NVIC_SetPriority
                0x08000c94       0x54 ./Drivers/STM32F0xx_HAL_Driver/Src/stm32f0xx_hal_cortex.o
                0x08000c94                HAL_NVIC_SetPriority
 .text.HAL_NVIC_EnableIRQ
                0x08000ce8       0x18 ./Drivers/STM32F0xx_HAL_Driver/Src/stm32f0xx_hal_cortex.o
                0x08000ce8                HAL_NVIC_EnableIRQ
 .text.HAL_SYSTICK_Config
                0x08000d00       0x34 ./Drivers/STM32F0xx_HAL_Driver/Src/stm32f0xx_hal_cortex.o
                0x08000d00                HAL_SYSTICK_Config
 .text.HAL_DMA_Init
                0x08000d34       0x64 ./Drivers/STM32F0xx_HAL_Driver/Src/stm32f0xx_hal_dma.o
                0x08000d34                HAL_DMA_Init
 .text.HAL_DMA_Start_IT
                0x08000d98       0x78 ./Drivers/STM32F0xx_HAL_Driver/Src/stm32f0xx_hal_dma.o
                0x08000d98                HAL_DMA_Start_IT
 .text.HAL_DMA_Abort_IT
                0x08000e10       0x42 ./Drivers/STM32F0xx_HAL_Driver/Src/stm32f0xx_hal_dma.o
                0x08000e10                HAL_DMA_Abort_IT
 .text.HAL_DMA_IRQHandler
                0x08000e52       0x92 ./Drivers/STM32F0xx_HAL_Driver/Src/stm32f0xx_hal_dma.o
                0x08000e52                HAL_DMA_IRQHandler
 .text.HAL_GPIO_Init
                0x08000ee4      0x170 ./Drivers/STM32F0xx_HAL_Driver/Src/stm32f0xx_hal_gpio.o
                0x08000ee4                HAL_GPIO_Init
 .text.HAL_GPIO_ReadPin
                0x08001054        0xc ./Drivers/STM32F0xx_HAL_Driver/Src/stm32f0xx_hal_gpio.o
                0x08001054                HAL_GPIO_ReadPin
 .text.HAL_RCC_OscConfig
                0x08001060      0x3fc ./Drivers/STM32F0xx_HAL_Driver/Src/stm32f0xx_hal_rcc.o
                0x08001060                HAL_RCC_OscConfig
 .text.HAL_RCC_GetSysClockFreq
                0x0800145c       0x4c ./Drivers/STM32F0xx_HAL_Driver/Src/stm32f0xx_hal_rcc.o
                0x0800145c                HAL_RCC_GetSysClockFreq
 .text.HAL_RCC_ClockConfig
                0x080014a8      0x108 ./Drivers/STM32F0xx_HAL_Driver/Src/stm32f0xx_hal_rcc.o
                0x080014a8                HAL_RCC_ClockConfig
 .text.TIM_OC1_SetConfig
                0x080015b0       0x78 ./Drivers/STM32F0xx_HAL_Driver/Src/stm32f0xx_hal_tim.o
 .text.TIM_OC3_SetConfig
                0x08001628       0x80 ./Drivers/STM32F0xx_HAL_Driver/Src/stm32f0xx_hal_tim.o
 .text.TIM_OC4_SetConfig
                0x080016a8       0x68 ./Drivers/STM32F0xx_HAL_Driver/Src/stm32f0xx_hal_tim.o
 .text.HAL_TIM_PWM_MspInit
                0x08001710        0x2 ./Drivers/STM32F0xx_HAL_Driver/Src/stm32f0xx_hal_tim.o
                0x08001710                HAL_TIM_PWM_MspInit
 .text.HAL_TIM_PeriodElapsedCallback
                0x08001712        0x2 ./Drivers/STM32F0xx_HAL_Driver/Src/stm32f0xx_hal_tim.o
                0x08001712                HAL_TIM_PeriodElapsedCallback
 .text.HAL_TIM_OC_DelayElapsedCallback
                0x08001714        0x2 ./Drivers/STM32F0xx_HAL_Driver/Src/stm32f0xx_hal_tim.o
                0x08001714                HAL_TIM_OC_DelayElapsedCallback
 .text.HAL_TIM_IC_CaptureCallback
                0x08001716        0x2 ./Drivers/STM32F0xx_HAL_Driver/Src/stm32f0xx_hal_tim.o
                0x08001716                HAL_TIM_IC_CaptureCallback
 .text.TIM_DMADelayPulseCplt
                0x08001718       0x70 ./Drivers/STM32F0xx_HAL_Driver/Src/stm32f0xx_hal_tim.o
 .text.HAL_TIM_PWM_PulseFinishedHalfCpltCallback
                0x08001788        0x2 ./Drivers/STM32F0xx_HAL_Driver/Src/stm32f0xx_hal_tim.o
                0x08001788                HAL_TIM_PWM_PulseFinishedHalfCpltCallback
 .text.TIM_DMADelayPulseHalfCplt
                0x0800178a       0x38 ./Drivers/STM32F0xx_HAL_Driver/Src/stm32f0xx_hal_tim.o
                0x0800178a                TIM_DMADelayPulseHalfCplt
 .text.HAL_TIM_TriggerCallback
                0x080017c2        0x2 ./Drivers/STM32F0xx_HAL_Driver/Src/stm32f0xx_hal_tim.o
                0x080017c2                HAL_TIM_TriggerCallback
 .text.HAL_TIM_IRQHandler
                0x080017c4      0x138 ./Drivers/STM32F0xx_HAL_Driver/Src/stm32f0xx_hal_tim.o
                0x080017c4                HAL_TIM_IRQHandler
 .text.HAL_TIM_ErrorCallback
                0x080018fc        0x2 ./Drivers/STM32F0xx_HAL_Driver/Src/stm32f0xx_hal_tim.o
                0x080018fc                HAL_TIM_ErrorCallback
 .text.TIM_DMAError
                0x080018fe       0x5c ./Drivers/STM32F0xx_HAL_Driver/Src/stm32f0xx_hal_tim.o
                0x080018fe                TIM_DMAError
 *fill*         0x0800195a        0x2 
 .text.TIM_Base_SetConfig
                0x0800195c       0x8c ./Drivers/STM32F0xx_HAL_Driver/Src/stm32f0xx_hal_tim.o
                0x0800195c                TIM_Base_SetConfig
 .text.HAL_TIM_Base_Init
                0x080019e8       0x50 ./Drivers/STM32F0xx_HAL_Driver/Src/stm32f0xx_hal_tim.o
                0x080019e8                HAL_TIM_Base_Init
 .text.HAL_TIM_PWM_Init
                0x08001a38       0x50 ./Drivers/STM32F0xx_HAL_Driver/Src/stm32f0xx_hal_tim.o
                0x08001a38                HAL_TIM_PWM_Init
 .text.TIM_OC2_SetConfig
                0x08001a88       0x78 ./Drivers/STM32F0xx_HAL_Driver/Src/stm32f0xx_hal_tim.o
                0x08001a88                TIM_OC2_SetConfig
 .text.HAL_TIM_PWM_ConfigChannel
                0x08001b00       0xc0 ./Drivers/STM32F0xx_HAL_Driver/Src/stm32f0xx_hal_tim.o
                0x08001b00                HAL_TIM_PWM_ConfigChannel
 .text.TIM_ETR_SetConfig
                0x08001bc0       0x18 ./Drivers/STM32F0xx_HAL_Driver/Src/stm32f0xx_hal_tim.o
                0x08001bc0                TIM_ETR_SetConfig
 .text.HAL_TIM_ConfigClockSource
                0x08001bd8      0x12c ./Drivers/STM32F0xx_HAL_Driver/Src/stm32f0xx_hal_tim.o
                0x08001bd8                HAL_TIM_ConfigClockSource
 .text.TIM_CCxChannelCmd
                0x08001d04       0x1a ./Drivers/STM32F0xx_HAL_Driver/Src/stm32f0xx_hal_tim.o
                0x08001d04                TIM_CCxChannelCmd
 *fill*         0x08001d1e        0x2 
 .text.HAL_TIM_OC_Start_DMA
                0x08001d20      0x18c ./Drivers/STM32F0xx_HAL_Driver/Src/stm32f0xx_hal_tim.o
                0x08001d20                HAL_TIM_OC_Start_DMA
 .text.HAL_TIM_PWM_Start_DMA
                0x08001eac        0x8 ./Drivers/STM32F0xx_HAL_Driver/Src/stm32f0xx_hal_tim.o
                0x08001eac                HAL_TIM_PWM_Start_DMA
 .text.HAL_TIM_OC_Stop_DMA
                0x08001eb4       0xec ./Drivers/STM32F0xx_HAL_Driver/Src/stm32f0xx_hal_tim.o
                0x08001eb4                HAL_TIM_OC_Stop_DMA
 .text.HAL_TIM_PWM_Stop_DMA
                0x08001fa0        0x8 ./Drivers/STM32F0xx_HAL_Driver/Src/stm32f0xx_hal_tim.o
                0x08001fa0                HAL_TIM_PWM_Stop_DMA
 .text.HAL_TIMEx_MasterConfigSynchronization
                0x08001fa8       0x50 ./Drivers/STM32F0xx_HAL_Driver/Src/stm32f0xx_hal_tim_ex.o
                0x08001fa8                HAL_TIMEx_MasterConfigSynchronization
 .text.HAL_TIMEx_CommutCallback
                0x08001ff8        0x2 ./Drivers/STM32F0xx_HAL_Driver/Src/stm32f0xx_hal_tim_ex.o
                0x08001ff8                HAL_TIMEx_CommutCallback
 .text.HAL_TIMEx_BreakCallback
                0x08001ffa        0x2 ./Drivers/STM32F0xx_HAL_Driver/Src/stm32f0xx_hal_tim_ex.o
                0x08001ffa                HAL_TIMEx_BreakCallback
 .text.memset   0x08001ffc       0x10 C:/ST/STM32CubeIDE_1.17.0/STM32CubeIDE/plugins/com.st.stm32cube.ide.mcu.externaltools.gnu-tools-for-stm32.12.3.rel1.win32_1.1.0.202410251130/tools/bin/../lib/gcc/arm-none-eabi/12.3.1/../../../../arm-none-eabi/lib/thumb/v6-m/nofp\libc_nano.a(libc_a-memset.o)
                0x08001ffc                memset
 .text.__libc_init_array
                0x0800200c       0x48 C:/ST/STM32CubeIDE_1.17.0/STM32CubeIDE/plugins/com.st.stm32cube.ide.mcu.externaltools.gnu-tools-for-stm32.12.3.rel1.win32_1.1.0.202410251130/tools/bin/../lib/gcc/arm-none-eabi/12.3.1/../../../../arm-none-eabi/lib/thumb/v6-m/nofp\libc_nano.a(libc_a-init.o)
                0x0800200c                __libc_init_array
 *(.glue_7)
 .glue_7        0x08002054        0x0 linker stubs
 *(.glue_7t)
 .glue_7t       0x08002054        0x0 linker stubs
 *(.eh_frame)
 .eh_frame      0x08002054        0x0 C:/ST/STM32CubeIDE_1.17.0/STM32CubeIDE/plugins/com.st.stm32cube.ide.mcu.externaltools.gnu-tools-for-stm32.12.3.rel1.win32_1.1.0.202410251130/tools/bin/../lib/gcc/arm-none-eabi/12.3.1/thumb/v6-m/nofp/crtbegin.o
 *(.init)
 .init          0x08002054        0x4 C:/ST/STM32CubeIDE_1.17.0/STM32CubeIDE/plugins/com.st.stm32cube.ide.mcu.externaltools.gnu-tools-for-stm32.12.3.rel1.win32_1.1.0.202410251130/tools/bin/../lib/gcc/arm-none-eabi/12.3.1/thumb/v6-m/nofp/crti.o
                0x08002054                _init
 .init          0x08002058        0x8 C:/ST/STM32CubeIDE_1.17.0/STM32CubeIDE/plugins/com.st.stm32cube.ide.mcu.externaltools.gnu-tools-for-stm32.12.3.rel1.win32_1.1.0.202410251130/tools/bin/../lib/gcc/arm-none-eabi/12.3.1/thumb/v6-m/nofp/crtn.o
 *(.fini)
 .fini          0x08002060        0x4 C:/ST/STM32CubeIDE_1.17.0/STM32CubeIDE/plugins/com.st.stm32cube.ide.mcu.externaltools.gnu-tools-for-stm32.12.3.rel1.win32_1.1.0.202410251130/tools/bin/../lib/gcc/arm-none-eabi/12.3.1/thumb/v6-m/nofp/crti.o
                0x08002060                _fini
 .fini          0x08002064        0x8 C:/ST/STM32CubeIDE_1.17.0/STM32CubeIDE/plugins/com.st.stm32cube.ide.mcu.externaltools.gnu-tools-for-stm32.12.3.rel1.win32_1.1.0.202410251130/tools/bin/../lib/gcc/arm-none-eabi/12.3.1/thumb/v6-m/nofp/crtn.o
                0x0800206c                        . = ALIGN (0x4)
                0x0800206c                        _etext = .

.vfp11_veneer   0x0800206c        0x0
 .vfp11_veneer  0x0800206c        0x0 linker stubs

.v4_bx          0x0800206c        0x0
 .v4_bx         0x0800206c        0x0 linker stubs

.iplt           0x0800206c        0x0
 .iplt          0x0800206c        0x0 C:/ST/STM32CubeIDE_1.17.0/STM32CubeIDE/plugins/com.st.stm32cube.ide.mcu.externaltools.gnu-tools-for-stm32.12.3.rel1.win32_1.1.0.202410251130/tools/bin/../lib/gcc/arm-none-eabi/12.3.1/thumb/v6-m/nofp/crtbegin.o

.rodata         0x0800206c       0x30
                0x0800206c                        . = ALIGN (0x4)
 *(.rodata)
 *(.rodata*)
 .rodata.AHBPrescTable
                0x0800206c       0x10 ./Core/Src/system_stm32f0xx.o
                0x0800206c                AHBPrescTable
 .rodata.aPredivFactorTable.0
                0x0800207c       0x10 ./Drivers/STM32F0xx_HAL_Driver/Src/stm32f0xx_hal_rcc.o
 .rodata.aPLLMULFactorTable.1
                0x0800208c       0x10 ./Drivers/STM32F0xx_HAL_Driver/Src/stm32f0xx_hal_rcc.o
                0x0800209c                        . = ALIGN (0x4)

.ARM.extab      0x0800209c        0x0
                0x0800209c                        . = ALIGN (0x4)
 *(.ARM.extab* .gnu.linkonce.armextab.*)
                0x0800209c                        . = ALIGN (0x4)

.ARM            0x0800209c        0x0
                0x0800209c                        . = ALIGN (0x4)
                0x0800209c                        __exidx_start = .
 *(.ARM.exidx*)
                0x0800209c                        __exidx_end = .
                0x0800209c                        . = ALIGN (0x4)

.preinit_array  0x0800209c        0x0
                0x0800209c                        . = ALIGN (0x4)
                0x0800209c                        PROVIDE (__preinit_array_start = .)
 *(.preinit_array*)
                0x0800209c                        PROVIDE (__preinit_array_end = .)
                0x0800209c                        . = ALIGN (0x4)

.init_array     0x0800209c        0x4
                0x0800209c                        . = ALIGN (0x4)
                0x0800209c                        PROVIDE (__init_array_start = .)
 *(SORT_BY_NAME(.init_array.*))
 *(.init_array*)
 .init_array    0x0800209c        0x4 C:/ST/STM32CubeIDE_1.17.0/STM32CubeIDE/plugins/com.st.stm32cube.ide.mcu.externaltools.gnu-tools-for-stm32.12.3.rel1.win32_1.1.0.202410251130/tools/bin/../lib/gcc/arm-none-eabi/12.3.1/thumb/v6-m/nofp/crtbegin.o
                0x080020a0                        PROVIDE (__init_array_end = .)
                0x080020a0                        . = ALIGN (0x4)

.fini_array     0x080020a0        0x4
                0x080020a0                        . = ALIGN (0x4)
                [!provide]                        PROVIDE (__fini_array_start = .)
 *(SORT_BY_NAME(.fini_array.*))
 *(.fini_array*)
 .fini_array    0x080020a0        0x4 C:/ST/STM32CubeIDE_1.17.0/STM32CubeIDE/plugins/com.st.stm32cube.ide.mcu.externaltools.gnu-tools-for-stm32.12.3.rel1.win32_1.1.0.202410251130/tools/bin/../lib/gcc/arm-none-eabi/12.3.1/thumb/v6-m/nofp/crtbegin.o
                [!provide]                        PROVIDE (__fini_array_end = .)
                0x080020a4                        . = ALIGN (0x4)
                0x080020a4                        _sidata = LOADADDR (.data)

.rel.dyn        0x080020a4        0x0
 .rel.iplt      0x080020a4        0x0 C:/ST/STM32CubeIDE_1.17.0/STM32CubeIDE/plugins/com.st.stm32cube.ide.mcu.externaltools.gnu-tools-for-stm32.12.3.rel1.win32_1.1.0.202410251130/tools/bin/../lib/gcc/arm-none-eabi/12.3.1/thumb/v6-m/nofp/crtbegin.o

.data           0x20000000       0x10 load address 0x080020a4
                0x20000000                        . = ALIGN (0x4)
                0x20000000                        _sdata = .
 *(.data)
 *(.data*)
 .data.SystemCoreClock
                0x20000000        0x4 ./Core/Src/system_stm32f0xx.o
                0x20000000                SystemCoreClock
 .data.seed.0   0x20000004        0x4 ./Core/Src/ws2812b.o
 .data.breathBrightness.12
                0x20000008        0x1 ./Core/Src/ws2812b.o
 .data.breathDir.13
                0x20000009        0x1 ./Core/Src/ws2812b.o
 .data.globalBrightness
                0x2000000a        0x1 ./Core/Src/ws2812b.o
                0x2000000a                globalBrightness
 .data.uwTickFreq
                0x2000000b        0x1 ./Drivers/STM32F0xx_HAL_Driver/Src/stm32f0xx_hal.o
                0x2000000b                uwTickFreq
 .data.uwTickPrio
                0x2000000c        0x4 ./Drivers/STM32F0xx_HAL_Driver/Src/stm32f0xx_hal.o
                0x2000000c                uwTickPrio
 *(.RamFunc)
 *(.RamFunc*)
                0x20000010                        . = ALIGN (0x4)
                0x20000010                        _edata = .

.igot.plt       0x20000010        0x0 load address 0x080020b4
 .igot.plt      0x20000010        0x0 C:/ST/STM32CubeIDE_1.17.0/STM32CubeIDE/plugins/com.st.stm32cube.ide.mcu.externaltools.gnu-tools-for-stm32.12.3.rel1.win32_1.1.0.202410251130/tools/bin/../lib/gcc/arm-none-eabi/12.3.1/thumb/v6-m/nofp/crtbegin.o
                0x20000010                        . = ALIGN (0x4)

.bss            0x20000010      0x964 load address 0x080020b4
                0x20000010                        _sbss = .
                0x20000010                        __bss_start__ = _sbss
 *(.bss)
 .bss           0x20000010       0x1c C:/ST/STM32CubeIDE_1.17.0/STM32CubeIDE/plugins/com.st.stm32cube.ide.mcu.externaltools.gnu-tools-for-stm32.12.3.rel1.win32_1.1.0.202410251130/tools/bin/../lib/gcc/arm-none-eabi/12.3.1/thumb/v6-m/nofp/crtbegin.o
 *(.bss*)
 .bss.buttonPressed
                0x2000002c        0x1 ./Core/Src/main.o
 *fill*         0x2000002d        0x3 
 .bss.lastButtonPress
                0x20000030        0x4 ./Core/Src/main.o
 .bss.currentMode
                0x20000034        0x1 ./Core/Src/main.o
 *fill*         0x20000035        0x3 
 .bss.hdma_tim3_ch1_trig
                0x20000038       0x44 ./Core/Src/main.o
                0x20000038                hdma_tim3_ch1_trig
 .bss.htim3     0x2000007c       0x48 ./Core/Src/main.o
                0x2000007c                htim3
 .bss.rainbowCounter.1
                0x200000c4        0x2 ./Core/Src/ws2812b.o
 .bss.rainbowStep.2
                0x200000c6        0x1 ./Core/Src/ws2812b.o
 *fill*         0x200000c7        0x1 
 .bss.lastUpdate.3
                0x200000c8        0x4 ./Core/Src/ws2812b.o
 .bss.pulseState.4
                0x200000cc        0x1 ./Core/Src/ws2812b.o
 *fill*         0x200000cd        0x3 
 .bss.lastPulse.5
                0x200000d0        0x4 ./Core/Src/ws2812b.o
 .bss.wavePos.6
                0x200000d4        0x2 ./Core/Src/ws2812b.o
 .bss.waveSection.7
                0x200000d6        0x1 ./Core/Src/ws2812b.o
 *fill*         0x200000d7        0x1 
 .bss.lastUpdate.8
                0x200000d8        0x4 ./Core/Src/ws2812b.o
 .bss.sparklePixel.9
                0x200000dc        0x2 ./Core/Src/ws2812b.o
 .bss.sparkleState.10
                0x200000de        0x1 ./Core/Src/ws2812b.o
 *fill*         0x200000df        0x1 
 .bss.lastSparkle.11
                0x200000e0        0x4 ./Core/Src/ws2812b.o
 .bss.lastUpdate.14
                0x200000e4        0x4 ./Core/Src/ws2812b.o
 .bss.transferComplete
                0x200000e8        0x1 ./Core/Src/ws2812b.o
                0x200000e8                transferComplete
 *fill*         0x200000e9        0x3 
 .bss.currentColors
                0x200000ec      0x130 ./Core/Src/ws2812b.o
                0x200000ec                currentColors
 .bss.ledBuffer
                0x2000021c      0x752 ./Core/Src/ws2812b.o
                0x2000021c                ledBuffer
 *fill*         0x2000096e        0x2 
 .bss.uwTick    0x20000970        0x4 ./Drivers/STM32F0xx_HAL_Driver/Src/stm32f0xx_hal.o
                0x20000970                uwTick
 *(COMMON)
                0x20000974                        . = ALIGN (0x4)
                0x20000974                        _ebss = .
                0x20000974                        __bss_end__ = _ebss

._user_heap_stack
                0x20000974      0x604 load address 0x080020b4
                0x20000978                        . = ALIGN (0x8)
 *fill*         0x20000974        0x4 
                [!provide]                        PROVIDE (end = .)
                0x20000978                        PROVIDE (_end = .)
                0x20000b78                        . = (. + _Min_Heap_Size)
 *fill*         0x20000978      0x200 
                0x20000f78                        . = (. + _Min_Stack_Size)
 *fill*         0x20000b78      0x400 
                0x20000f78                        . = ALIGN (0x8)

/DISCARD/
 libc.a(*)
 libm.a(*)
 libgcc.a(*)

.ARM.attributes
                0x00000000       0x28
 *(.ARM.attributes)
 .ARM.attributes
                0x00000000       0x1e C:/ST/STM32CubeIDE_1.17.0/STM32CubeIDE/plugins/com.st.stm32cube.ide.mcu.externaltools.gnu-tools-for-stm32.12.3.rel1.win32_1.1.0.202410251130/tools/bin/../lib/gcc/arm-none-eabi/12.3.1/thumb/v6-m/nofp/crti.o
 .ARM.attributes
                0x0000001e       0x2c C:/ST/STM32CubeIDE_1.17.0/STM32CubeIDE/plugins/com.st.stm32cube.ide.mcu.externaltools.gnu-tools-for-stm32.12.3.rel1.win32_1.1.0.202410251130/tools/bin/../lib/gcc/arm-none-eabi/12.3.1/thumb/v6-m/nofp/crtbegin.o
 .ARM.attributes
                0x0000004a       0x2c ./Core/Src/main.o
 .ARM.attributes
                0x00000076       0x2c ./Core/Src/stm32f0xx_hal_msp.o
 .ARM.attributes
                0x000000a2       0x2c ./Core/Src/stm32f0xx_it.o
 .ARM.attributes
                0x000000ce       0x2c ./Core/Src/system_stm32f0xx.o
 .ARM.attributes
                0x000000fa       0x2c ./Core/Src/ws2812b.o
 .ARM.attributes
                0x00000126       0x21 ./Core/Startup/startup_stm32f030f4px.o
 .ARM.attributes
                0x00000147       0x2c ./Drivers/STM32F0xx_HAL_Driver/Src/stm32f0xx_hal.o
 .ARM.attributes
                0x00000173       0x2c ./Drivers/STM32F0xx_HAL_Driver/Src/stm32f0xx_hal_cortex.o
 .ARM.attributes
                0x0000019f       0x2c ./Drivers/STM32F0xx_HAL_Driver/Src/stm32f0xx_hal_dma.o
 .ARM.attributes
                0x000001cb       0x2c ./Drivers/STM32F0xx_HAL_Driver/Src/stm32f0xx_hal_gpio.o
 .ARM.attributes
                0x000001f7       0x2c ./Drivers/STM32F0xx_HAL_Driver/Src/stm32f0xx_hal_rcc.o
 .ARM.attributes
                0x00000223       0x2c ./Drivers/STM32F0xx_HAL_Driver/Src/stm32f0xx_hal_tim.o
 .ARM.attributes
                0x0000024f       0x2c ./Drivers/STM32F0xx_HAL_Driver/Src/stm32f0xx_hal_tim_ex.o
 .ARM.attributes
                0x0000027b       0x2c C:/ST/STM32CubeIDE_1.17.0/STM32CubeIDE/plugins/com.st.stm32cube.ide.mcu.externaltools.gnu-tools-for-stm32.12.3.rel1.win32_1.1.0.202410251130/tools/bin/../lib/gcc/arm-none-eabi/12.3.1/../../../../arm-none-eabi/lib/thumb/v6-m/nofp\libc_nano.a(libc_a-memset.o)
 .ARM.attributes
                0x000002a7       0x2c C:/ST/STM32CubeIDE_1.17.0/STM32CubeIDE/plugins/com.st.stm32cube.ide.mcu.externaltools.gnu-tools-for-stm32.12.3.rel1.win32_1.1.0.202410251130/tools/bin/../lib/gcc/arm-none-eabi/12.3.1/../../../../arm-none-eabi/lib/thumb/v6-m/nofp\libc_nano.a(libc_a-init.o)
 .ARM.attributes
                0x000002d3       0x1e C:/ST/STM32CubeIDE_1.17.0/STM32CubeIDE/plugins/com.st.stm32cube.ide.mcu.externaltools.gnu-tools-for-stm32.12.3.rel1.win32_1.1.0.202410251130/tools/bin/../lib/gcc/arm-none-eabi/12.3.1/thumb/v6-m/nofp\libgcc.a(_thumb1_case_uqi.o)
 .ARM.attributes
                0x000002f1       0x1e C:/ST/STM32CubeIDE_1.17.0/STM32CubeIDE/plugins/com.st.stm32cube.ide.mcu.externaltools.gnu-tools-for-stm32.12.3.rel1.win32_1.1.0.202410251130/tools/bin/../lib/gcc/arm-none-eabi/12.3.1/thumb/v6-m/nofp\libgcc.a(_udivsi3.o)
 .ARM.attributes
                0x0000030f       0x1e C:/ST/STM32CubeIDE_1.17.0/STM32CubeIDE/plugins/com.st.stm32cube.ide.mcu.externaltools.gnu-tools-for-stm32.12.3.rel1.win32_1.1.0.202410251130/tools/bin/../lib/gcc/arm-none-eabi/12.3.1/thumb/v6-m/nofp\libgcc.a(_divsi3.o)
 .ARM.attributes
                0x0000032d       0x1e C:/ST/STM32CubeIDE_1.17.0/STM32CubeIDE/plugins/com.st.stm32cube.ide.mcu.externaltools.gnu-tools-for-stm32.12.3.rel1.win32_1.1.0.202410251130/tools/bin/../lib/gcc/arm-none-eabi/12.3.1/thumb/v6-m/nofp\libgcc.a(_dvmd_tls.o)
 .ARM.attributes
                0x0000034b       0x1e C:/ST/STM32CubeIDE_1.17.0/STM32CubeIDE/plugins/com.st.stm32cube.ide.mcu.externaltools.gnu-tools-for-stm32.12.3.rel1.win32_1.1.0.202410251130/tools/bin/../lib/gcc/arm-none-eabi/12.3.1/thumb/v6-m/nofp/crtn.o
OUTPUT(WRadio.elf elf32-littlearm)
LOAD linker stubs
LOAD C:/ST/STM32CubeIDE_1.17.0/STM32CubeIDE/plugins/com.st.stm32cube.ide.mcu.externaltools.gnu-tools-for-stm32.12.3.rel1.win32_1.1.0.202410251130/tools/bin/../lib/gcc/arm-none-eabi/12.3.1/../../../../arm-none-eabi/lib/thumb/v6-m/nofp\libc.a
LOAD C:/ST/STM32CubeIDE_1.17.0/STM32CubeIDE/plugins/com.st.stm32cube.ide.mcu.externaltools.gnu-tools-for-stm32.12.3.rel1.win32_1.1.0.202410251130/tools/bin/../lib/gcc/arm-none-eabi/12.3.1/../../../../arm-none-eabi/lib/thumb/v6-m/nofp\libm.a
LOAD C:/ST/STM32CubeIDE_1.17.0/STM32CubeIDE/plugins/com.st.stm32cube.ide.mcu.externaltools.gnu-tools-for-stm32.12.3.rel1.win32_1.1.0.202410251130/tools/bin/../lib/gcc/arm-none-eabi/12.3.1/thumb/v6-m/nofp\libgcc.a

.debug_info     0x00000000     0xb7ca
 .debug_info    0x00000000     0x12b9 ./Core/Src/main.o
 .debug_info    0x000012b9      0xaed ./Core/Src/stm32f0xx_hal_msp.o
 .debug_info    0x00001da6      0x6a2 ./Core/Src/stm32f0xx_it.o
 .debug_info    0x00002448      0x268 ./Core/Src/system_stm32f0xx.o
 .debug_info    0x000026b0      0xfbc ./Core/Src/ws2812b.o
 .debug_info    0x0000366c       0x30 ./Core/Startup/startup_stm32f030f4px.o
 .debug_info    0x0000369c      0x736 ./Drivers/STM32F0xx_HAL_Driver/Src/stm32f0xx_hal.o
 .debug_info    0x00003dd2      0x803 ./Drivers/STM32F0xx_HAL_Driver/Src/stm32f0xx_hal_cortex.o
 .debug_info    0x000045d5      0x875 ./Drivers/STM32F0xx_HAL_Driver/Src/stm32f0xx_hal_dma.o
 .debug_info    0x00004e4a      0x600 ./Drivers/STM32F0xx_HAL_Driver/Src/stm32f0xx_hal_gpio.o
 .debug_info    0x0000544a      0xa52 ./Drivers/STM32F0xx_HAL_Driver/Src/stm32f0xx_hal_rcc.o
 .debug_info    0x00005e9c     0x4084 ./Drivers/STM32F0xx_HAL_Driver/Src/stm32f0xx_hal_tim.o
 .debug_info    0x00009f20     0x18aa ./Drivers/STM32F0xx_HAL_Driver/Src/stm32f0xx_hal_tim_ex.o

.debug_abbrev   0x00000000     0x1fef
 .debug_abbrev  0x00000000      0x373 ./Core/Src/main.o
 .debug_abbrev  0x00000373      0x230 ./Core/Src/stm32f0xx_hal_msp.o
 .debug_abbrev  0x000005a3      0x1e7 ./Core/Src/stm32f0xx_it.o
 .debug_abbrev  0x0000078a      0x138 ./Core/Src/system_stm32f0xx.o
 .debug_abbrev  0x000008c2      0x3e7 ./Core/Src/ws2812b.o
 .debug_abbrev  0x00000ca9       0x24 ./Core/Startup/startup_stm32f030f4px.o
 .debug_abbrev  0x00000ccd      0x2cb ./Drivers/STM32F0xx_HAL_Driver/Src/stm32f0xx_hal.o
 .debug_abbrev  0x00000f98      0x29c ./Drivers/STM32F0xx_HAL_Driver/Src/stm32f0xx_hal_cortex.o
 .debug_abbrev  0x00001234      0x23b ./Drivers/STM32F0xx_HAL_Driver/Src/stm32f0xx_hal_dma.o
 .debug_abbrev  0x0000146f      0x1f4 ./Drivers/STM32F0xx_HAL_Driver/Src/stm32f0xx_hal_gpio.o
 .debug_abbrev  0x00001663      0x2c6 ./Drivers/STM32F0xx_HAL_Driver/Src/stm32f0xx_hal_rcc.o
 .debug_abbrev  0x00001929      0x3b6 ./Drivers/STM32F0xx_HAL_Driver/Src/stm32f0xx_hal_tim.o
 .debug_abbrev  0x00001cdf      0x310 ./Drivers/STM32F0xx_HAL_Driver/Src/stm32f0xx_hal_tim_ex.o

.debug_loclists
                0x00000000     0x54c9
 .debug_loclists
                0x00000000       0x42 ./Core/Src/main.o
 .debug_loclists
                0x00000042       0x66 ./Core/Src/stm32f0xx_hal_msp.o
 .debug_loclists
                0x000000a8       0xe1 ./Core/Src/system_stm32f0xx.o
 .debug_loclists
                0x00000189      0x321 ./Core/Src/ws2812b.o
 .debug_loclists
                0x000004aa       0xc4 ./Drivers/STM32F0xx_HAL_Driver/Src/stm32f0xx_hal.o
 .debug_loclists
                0x0000056e      0x28b ./Drivers/STM32F0xx_HAL_Driver/Src/stm32f0xx_hal_cortex.o
 .debug_loclists
                0x000007f9      0x55e ./Drivers/STM32F0xx_HAL_Driver/Src/stm32f0xx_hal_dma.o
 .debug_loclists
                0x00000d57      0x255 ./Drivers/STM32F0xx_HAL_Driver/Src/stm32f0xx_hal_gpio.o
 .debug_loclists
                0x00000fac      0x3cf ./Drivers/STM32F0xx_HAL_Driver/Src/stm32f0xx_hal_rcc.o
 .debug_loclists
                0x0000137b     0x3301 ./Drivers/STM32F0xx_HAL_Driver/Src/stm32f0xx_hal_tim.o
 .debug_loclists
                0x0000467c      0xe4d ./Drivers/STM32F0xx_HAL_Driver/Src/stm32f0xx_hal_tim_ex.o

.debug_aranges  0x00000000      0x948
 .debug_aranges
                0x00000000       0x40 ./Core/Src/main.o
 .debug_aranges
                0x00000040       0x38 ./Core/Src/stm32f0xx_hal_msp.o
 .debug_aranges
                0x00000078       0x50 ./Core/Src/stm32f0xx_it.o
 .debug_aranges
                0x000000c8       0x28 ./Core/Src/system_stm32f0xx.o
 .debug_aranges
                0x000000f0       0x90 ./Core/Src/ws2812b.o
 .debug_aranges
                0x00000180       0x28 ./Core/Startup/startup_stm32f030f4px.o
 .debug_aranges
                0x000001a8       0xd0 ./Drivers/STM32F0xx_HAL_Driver/Src/stm32f0xx_hal.o
 .debug_aranges
                0x00000278       0x78 ./Drivers/STM32F0xx_HAL_Driver/Src/stm32f0xx_hal_cortex.o
 .debug_aranges
                0x000002f0       0x78 ./Drivers/STM32F0xx_HAL_Driver/Src/stm32f0xx_hal_dma.o
 .debug_aranges
                0x00000368       0x58 ./Drivers/STM32F0xx_HAL_Driver/Src/stm32f0xx_hal_gpio.o
 .debug_aranges
                0x000003c0       0x80 ./Drivers/STM32F0xx_HAL_Driver/Src/stm32f0xx_hal_rcc.o
 .debug_aranges
                0x00000440      0x3a0 ./Drivers/STM32F0xx_HAL_Driver/Src/stm32f0xx_hal_tim.o
 .debug_aranges
                0x000007e0      0x168 ./Drivers/STM32F0xx_HAL_Driver/Src/stm32f0xx_hal_tim_ex.o

.debug_rnglists
                0x00000000      0x9d8
 .debug_rnglists
                0x00000000       0x50 ./Core/Src/main.o
 .debug_rnglists
                0x00000050       0x61 ./Core/Src/stm32f0xx_hal_msp.o
 .debug_rnglists
                0x000000b1       0x37 ./Core/Src/stm32f0xx_it.o
 .debug_rnglists
                0x000000e8       0x19 ./Core/Src/system_stm32f0xx.o
 .debug_rnglists
                0x00000101      0x107 ./Core/Src/ws2812b.o
 .debug_rnglists
                0x00000208       0x19 ./Core/Startup/startup_stm32f030f4px.o
 .debug_rnglists
                0x00000221       0x97 ./Drivers/STM32F0xx_HAL_Driver/Src/stm32f0xx_hal.o
 .debug_rnglists
                0x000002b8       0x85 ./Drivers/STM32F0xx_HAL_Driver/Src/stm32f0xx_hal_cortex.o
 .debug_rnglists
                0x0000033d       0x90 ./Drivers/STM32F0xx_HAL_Driver/Src/stm32f0xx_hal_dma.o
 .debug_rnglists
                0x000003cd       0x51 ./Drivers/STM32F0xx_HAL_Driver/Src/stm32f0xx_hal_gpio.o
 .debug_rnglists
                0x0000041e       0x7f ./Drivers/STM32F0xx_HAL_Driver/Src/stm32f0xx_hal_rcc.o
 .debug_rnglists
                0x0000049d      0x427 ./Drivers/STM32F0xx_HAL_Driver/Src/stm32f0xx_hal_tim.o
 .debug_rnglists
                0x000008c4      0x114 ./Drivers/STM32F0xx_HAL_Driver/Src/stm32f0xx_hal_tim_ex.o

.debug_macro    0x00000000     0xf15a
 .debug_macro   0x00000000      0x1ca ./Core/Src/main.o
 .debug_macro   0x000001ca      0xa90 ./Core/Src/main.o
 .debug_macro   0x00000c5a      0x12d ./Core/Src/main.o
 .debug_macro   0x00000d87       0x2e ./Core/Src/main.o
 .debug_macro   0x00000db5       0x22 ./Core/Src/main.o
 .debug_macro   0x00000dd7       0x22 ./Core/Src/main.o
 .debug_macro   0x00000df9       0x8e ./Core/Src/main.o
 .debug_macro   0x00000e87       0x51 ./Core/Src/main.o
 .debug_macro   0x00000ed8      0x103 ./Core/Src/main.o
 .debug_macro   0x00000fdb       0x6a ./Core/Src/main.o
 .debug_macro   0x00001045      0x1df ./Core/Src/main.o
 .debug_macro   0x00001224       0x1c ./Core/Src/main.o
 .debug_macro   0x00001240       0x22 ./Core/Src/main.o
 .debug_macro   0x00001262       0xaf ./Core/Src/main.o
 .debug_macro   0x00001311      0x391 ./Core/Src/main.o
 .debug_macro   0x000016a2     0x6e6e ./Core/Src/main.o
 .debug_macro   0x00008510       0x66 ./Core/Src/main.o
 .debug_macro   0x00008576     0x34da ./Core/Src/main.o
 .debug_macro   0x0000ba50      0x189 ./Core/Src/main.o
 .debug_macro   0x0000bbd9       0x55 ./Core/Src/main.o
 .debug_macro   0x0000bc2e      0x924 ./Core/Src/main.o
 .debug_macro   0x0000c552       0xe5 ./Core/Src/main.o
 .debug_macro   0x0000c637      0x1ae ./Core/Src/main.o
 .debug_macro   0x0000c7e5       0xb3 ./Core/Src/main.o
 .debug_macro   0x0000c898      0x1a0 ./Core/Src/main.o
 .debug_macro   0x0000ca38      0x1ed ./Core/Src/main.o
 .debug_macro   0x0000cc25       0x34 ./Core/Src/main.o
 .debug_macro   0x0000cc59       0x43 ./Core/Src/main.o
 .debug_macro   0x0000cc9c       0x28 ./Core/Src/main.o
 .debug_macro   0x0000ccc4       0xb0 ./Core/Src/main.o
 .debug_macro   0x0000cd74      0x15a ./Core/Src/main.o
 .debug_macro   0x0000cece      0x22c ./Core/Src/main.o
 .debug_macro   0x0000d0fa       0x61 ./Core/Src/main.o
 .debug_macro   0x0000d15b       0xa5 ./Core/Src/main.o
 .debug_macro   0x0000d200       0x4c ./Core/Src/main.o
 .debug_macro   0x0000d24c       0x2b ./Core/Src/main.o
 .debug_macro   0x0000d277      0x8f4 ./Core/Src/main.o
 .debug_macro   0x0000db6b       0x28 ./Core/Src/main.o
 .debug_macro   0x0000db93       0xf1 ./Core/Src/main.o
 .debug_macro   0x0000dc84       0x28 ./Core/Src/main.o
 .debug_macro   0x0000dcac      0x1b7 ./Core/Src/stm32f0xx_hal_msp.o
 .debug_macro   0x0000de63      0x1c1 ./Core/Src/stm32f0xx_it.o
 .debug_macro   0x0000e024      0x1ad ./Core/Src/system_stm32f0xx.o
 .debug_macro   0x0000e1d1      0x2dd ./Core/Src/ws2812b.o
 .debug_macro   0x0000e4ae       0x61 ./Core/Src/ws2812b.o
 .debug_macro   0x0000e50f       0x10 ./Core/Src/ws2812b.o
 .debug_macro   0x0000e51f       0x20 ./Core/Src/ws2812b.o
 .debug_macro   0x0000e53f       0x22 ./Core/Src/ws2812b.o
 .debug_macro   0x0000e561      0x1d1 ./Drivers/STM32F0xx_HAL_Driver/Src/stm32f0xx_hal.o
 .debug_macro   0x0000e732      0x1ad ./Drivers/STM32F0xx_HAL_Driver/Src/stm32f0xx_hal_cortex.o
 .debug_macro   0x0000e8df      0x1ad ./Drivers/STM32F0xx_HAL_Driver/Src/stm32f0xx_hal_dma.o
 .debug_macro   0x0000ea8c      0x1b4 ./Drivers/STM32F0xx_HAL_Driver/Src/stm32f0xx_hal_gpio.o
 .debug_macro   0x0000ec40      0x1bf ./Drivers/STM32F0xx_HAL_Driver/Src/stm32f0xx_hal_rcc.o
 .debug_macro   0x0000edff      0x1ae ./Drivers/STM32F0xx_HAL_Driver/Src/stm32f0xx_hal_tim.o
 .debug_macro   0x0000efad      0x1ad ./Drivers/STM32F0xx_HAL_Driver/Src/stm32f0xx_hal_tim_ex.o

.debug_line     0x00000000     0xe04a
 .debug_line    0x00000000      0xb16 ./Core/Src/main.o
 .debug_line    0x00000b16      0x88d ./Core/Src/stm32f0xx_hal_msp.o
 .debug_line    0x000013a3      0x7f2 ./Core/Src/stm32f0xx_it.o
 .debug_line    0x00001b95      0x7be ./Core/Src/system_stm32f0xx.o
 .debug_line    0x00002353      0xf52 ./Core/Src/ws2812b.o
 .debug_line    0x000032a5       0x7b ./Core/Startup/startup_stm32f030f4px.o
 .debug_line    0x00003320      0xab2 ./Drivers/STM32F0xx_HAL_Driver/Src/stm32f0xx_hal.o
 .debug_line    0x00003dd2      0xae4 ./Drivers/STM32F0xx_HAL_Driver/Src/stm32f0xx_hal_cortex.o
 .debug_line    0x000048b6     0x1031 ./Drivers/STM32F0xx_HAL_Driver/Src/stm32f0xx_hal_dma.o
 .debug_line    0x000058e7      0xc26 ./Drivers/STM32F0xx_HAL_Driver/Src/stm32f0xx_hal_gpio.o
 .debug_line    0x0000650d     0x11e4 ./Drivers/STM32F0xx_HAL_Driver/Src/stm32f0xx_hal_rcc.o
 .debug_line    0x000076f1     0x4cb9 ./Drivers/STM32F0xx_HAL_Driver/Src/stm32f0xx_hal_tim.o
 .debug_line    0x0000c3aa     0x1ca0 ./Drivers/STM32F0xx_HAL_Driver/Src/stm32f0xx_hal_tim_ex.o

.debug_str      0x00000000    0x5f4b0
 .debug_str     0x00000000    0x5a228 ./Core/Src/main.o
                              0x5a5ca (size before relaxing)
 .debug_str     0x0005a228       0x92 ./Core/Src/stm32f0xx_hal_msp.o
                              0x5a131 (size before relaxing)
 .debug_str     0x0005a2ba       0xb8 ./Core/Src/stm32f0xx_it.o
                              0x59e8a (size before relaxing)
 .debug_str     0x0005a372       0x99 ./Core/Src/system_stm32f0xx.o
                              0x599de (size before relaxing)
 .debug_str     0x0005a40b     0x3411 ./Core/Src/ws2812b.o
                              0x5d37d (size before relaxing)
 .debug_str     0x0005d81c       0x70 ./Core/Startup/startup_stm32f030f4px.o
 .debug_str     0x0005d88c      0x36e ./Drivers/STM32F0xx_HAL_Driver/Src/stm32f0xx_hal.o
                              0x59f3d (size before relaxing)
 .debug_str     0x0005dbfa      0x1ab ./Drivers/STM32F0xx_HAL_Driver/Src/stm32f0xx_hal_cortex.o
                              0x59d20 (size before relaxing)
 .debug_str     0x0005dda5      0x226 ./Drivers/STM32F0xx_HAL_Driver/Src/stm32f0xx_hal_dma.o
                              0x59d84 (size before relaxing)
 .debug_str     0x0005dfcb      0x124 ./Drivers/STM32F0xx_HAL_Driver/Src/stm32f0xx_hal_gpio.o
                              0x59b71 (size before relaxing)
 .debug_str     0x0005e0ef      0x21a ./Drivers/STM32F0xx_HAL_Driver/Src/stm32f0xx_hal_rcc.o
                              0x59e1a (size before relaxing)
 .debug_str     0x0005e309      0xd14 ./Drivers/STM32F0xx_HAL_Driver/Src/stm32f0xx_hal_tim.o
                              0x5ade6 (size before relaxing)
 .debug_str     0x0005f01d      0x493 ./Drivers/STM32F0xx_HAL_Driver/Src/stm32f0xx_hal_tim_ex.o
                              0x5a5f2 (size before relaxing)

.comment        0x00000000       0x43
 .comment       0x00000000       0x43 ./Core/Src/main.o
                                 0x44 (size before relaxing)
 .comment       0x00000043       0x44 ./Core/Src/stm32f0xx_hal_msp.o
 .comment       0x00000043       0x44 ./Core/Src/stm32f0xx_it.o
 .comment       0x00000043       0x44 ./Core/Src/system_stm32f0xx.o
 .comment       0x00000043       0x44 ./Core/Src/ws2812b.o
 .comment       0x00000043       0x44 ./Drivers/STM32F0xx_HAL_Driver/Src/stm32f0xx_hal.o
 .comment       0x00000043       0x44 ./Drivers/STM32F0xx_HAL_Driver/Src/stm32f0xx_hal_cortex.o
 .comment       0x00000043       0x44 ./Drivers/STM32F0xx_HAL_Driver/Src/stm32f0xx_hal_dma.o
 .comment       0x00000043       0x44 ./Drivers/STM32F0xx_HAL_Driver/Src/stm32f0xx_hal_gpio.o
 .comment       0x00000043       0x44 ./Drivers/STM32F0xx_HAL_Driver/Src/stm32f0xx_hal_rcc.o
 .comment       0x00000043       0x44 ./Drivers/STM32F0xx_HAL_Driver/Src/stm32f0xx_hal_tim.o
 .comment       0x00000043       0x44 ./Drivers/STM32F0xx_HAL_Driver/Src/stm32f0xx_hal_tim_ex.o

.debug_frame    0x00000000     0x18fc
 .debug_frame   0x00000000       0x90 ./Core/Src/main.o
 .debug_frame   0x00000090       0x78 ./Core/Src/stm32f0xx_hal_msp.o
 .debug_frame   0x00000108       0x98 ./Core/Src/stm32f0xx_it.o
 .debug_frame   0x000001a0       0x3c ./Core/Src/system_stm32f0xx.o
 .debug_frame   0x000001dc      0x1a4 ./Core/Src/ws2812b.o
 .debug_frame   0x00000380      0x1b4 ./Drivers/STM32F0xx_HAL_Driver/Src/stm32f0xx_hal.o
 .debug_frame   0x00000534       0xe0 ./Drivers/STM32F0xx_HAL_Driver/Src/stm32f0xx_hal_cortex.o
 .debug_frame   0x00000614      0x160 ./Drivers/STM32F0xx_HAL_Driver/Src/stm32f0xx_hal_dma.o
 .debug_frame   0x00000774       0xbc ./Drivers/STM32F0xx_HAL_Driver/Src/stm32f0xx_hal_gpio.o
 .debug_frame   0x00000830      0x148 ./Drivers/STM32F0xx_HAL_Driver/Src/stm32f0xx_hal_rcc.o
 .debug_frame   0x00000978      0xacc ./Drivers/STM32F0xx_HAL_Driver/Src/stm32f0xx_hal_tim.o
 .debug_frame   0x00001444      0x42c ./Drivers/STM32F0xx_HAL_Driver/Src/stm32f0xx_hal_tim_ex.o
 .debug_frame   0x00001870       0x20 C:/ST/STM32CubeIDE_1.17.0/STM32CubeIDE/plugins/com.st.stm32cube.ide.mcu.externaltools.gnu-tools-for-stm32.12.3.rel1.win32_1.1.0.202410251130/tools/bin/../lib/gcc/arm-none-eabi/12.3.1/../../../../arm-none-eabi/lib/thumb/v6-m/nofp\libc_nano.a(libc_a-memset.o)
 .debug_frame   0x00001890       0x2c C:/ST/STM32CubeIDE_1.17.0/STM32CubeIDE/plugins/com.st.stm32cube.ide.mcu.externaltools.gnu-tools-for-stm32.12.3.rel1.win32_1.1.0.202410251130/tools/bin/../lib/gcc/arm-none-eabi/12.3.1/../../../../arm-none-eabi/lib/thumb/v6-m/nofp\libc_nano.a(libc_a-init.o)
 .debug_frame   0x000018bc       0x20 C:/ST/STM32CubeIDE_1.17.0/STM32CubeIDE/plugins/com.st.stm32cube.ide.mcu.externaltools.gnu-tools-for-stm32.12.3.rel1.win32_1.1.0.202410251130/tools/bin/../lib/gcc/arm-none-eabi/12.3.1/thumb/v6-m/nofp\libgcc.a(_udivsi3.o)
 .debug_frame   0x000018dc       0x20 C:/ST/STM32CubeIDE_1.17.0/STM32CubeIDE/plugins/com.st.stm32cube.ide.mcu.externaltools.gnu-tools-for-stm32.12.3.rel1.win32_1.1.0.202410251130/tools/bin/../lib/gcc/arm-none-eabi/12.3.1/thumb/v6-m/nofp\libgcc.a(_divsi3.o)

.debug_line_str
                0x00000000       0x54
 .debug_line_str
                0x00000000       0x54 ./Core/Startup/startup_stm32f030f4px.o
