../Core/Src/ws2812b.c:57:10:WS2812B_Color	24	static
../Core/Src/ws2812b.c:65:6:WS2812B_PrepareBuffer	32	static
../Core/Src/ws2812b.c:91:6:WS2812B_SendToLEDs	16	static
../Core/Src/ws2812b.c:108:6:WS2812B_TIM_DMADelayPulseFinished	0	static
../Core/Src/ws2812b.c:113:6:WS2812B_SetLogoColors	24	static
../Core/Src/ws2812b.c:50:6:WS2812B_Init	8	static
../Core/Src/ws2812b.c:133:6:WS2812B_Clear	8	static
../Core/Src/ws2812b.c:139:6:WS2812B_StaticLogoEffect	8	static
../Core/Src/ws2812b.c:149:6:WS2812B_BreatheEffect	8	static
../Core/Src/ws2812b.c:195:6:WS2812B_WaveEffect	24	static
../Core/Src/ws2812b.c:226:6:WS2812B_PulseEffect	8	static
../Core/Src/ws2812b.c:264:6:WS2812B_CometEffect	32	static
../Core/Src/ws2812b.c:311:6:WS2812B_FillEffect	24	static
../Core/Src/ws2812b.c:361:6:WS2812B_ScannerEffect	32	static
../Core/Src/ws2812b.c:435:6:WS2812B_StrobeEffect	40	static
../Core/Src/ws2812b.c:479:10:WS2812B_Wheel	8	static
../Core/Src/ws2812b.c:246:6:WS2812B_RainbowEffect	24	static
../Core/Src/ws2812b.c:409:6:WS2812B_ColorShiftEffect	32	static
../Core/Src/ws2812b.c:561:6:WS2812B_TriggerStaticLogoUpdate	0	static
../Core/Src/ws2812b.c:566:10:ws_random_byte	8	static
../Core/Src/ws2812b.c:171:6:WS2812B_SparkleEffect	16	static
../Core/Src/ws2812b.c:493:6:WS2812B_RunEffect	8	static
