../Core/Src/ws2812b.c:48:6:WS2812B_SetLED	12	static
../Core/Src/ws2812b.c:73:6:WS2812B_SetAllLED	8	static
../Core/Src/ws2812b.c:86:6:WS2812B_PrepareBuffer	40	static
../Core/Src/ws2812b.c:123:6:WS2812B_SendToLEDs	16	static
../Core/Src/ws2812b.c:31:6:WS2812B_Init	8	static
../Core/Src/ws2812b.c:60:6:WS2812B_Clear	8	static
../Core/Src/ws2812b.c:145:6:WS2812B_TIM_DMADelayPulseFinished	0	static
../Core/Src/ws2812b.c:154:6:WS2812B_Rainbow	32	static
../Core/Src/ws2812b.c:242:6:WS2812B_SetFromHeatColor	16	static
../Core/Src/ws2812b.c:266:9:ws_random_byte	8	static
../Core/Src/ws2812b.c:200:6:WS2812B_Fire	24	static
../Core/Src/ws2812b.c:282:9:ws_random_range	8	static
