../Core/Src/ws2812b.c:31:6:WS2812B_SetLED	12	static
../Core/Src/ws2812b.c:47:6:WS2812B_SetAllLED	8	static
../Core/Src/ws2812b.c:56:6:WS2812B_PrepareBuffer	40	static
../Core/Src/ws2812b.c:90:6:WS2812B_SendToLEDs	16	static
../Core/Src/ws2812b.c:21:6:WS2812B_Init	8	static
../Core/Src/ws2812b.c:40:6:WS2812B_Clear	8	static
../Core/Src/ws2812b.c:113:6:WS2812B_TIM_DMADelayPulseFinished	0	static
../Core/Src/ws2812b.c:119:6:WS2812B_Rainbow	32	static
../Core/Src/ws2812b.c:156:9:ws_random_byte	8	static
../Core/Src/ws2812b.c:163:9:ws_random_range	8	static
