../Core/Src/ws2812b.c:48:6:WS2812B_SetLED	12	static
../Core/Src/ws2812b.c:63:6:WS2812B_SetAllLED	8	static
../Core/Src/ws2812b.c:76:6:WS2812B_PrepareBuffer	32	static
../Core/Src/ws2812b.c:110:6:WS2812B_SendToLEDs	16	static
../Core/Src/ws2812b.c:31:6:WS2812B_Init	8	static
../Core/Src/ws2812b.c:132:6:WS2812B_TIM_DMADelayPulseFinished	0	static
../Core/Src/ws2812b.c:141:6:WS2812B_Rainbow	32	static
../Core/Src/ws2812b.c:229:6:WS2812B_SetFromHeatColor	16	static
../Core/Src/ws2812b.c:253:9:ws_random_byte	8	static
../Core/Src/ws2812b.c:187:6:WS2812B_Fire	24	static
../Core/Src/ws2812b.c:269:9:ws_random_range	8	static
