../Core/Src/ws2812b.c:36:10:WS2812B_Color	24	static
../Core/Src/ws2812b.c:44:6:WS2812B_PrepareBuffer	32	static
../Core/Src/ws2812b.c:70:6:WS2812B_SendToLEDs	16	static
../Core/Src/ws2812b.c:87:6:WS2812B_TIM_DMADelayPulseFinished	0	static
../Core/Src/ws2812b.c:92:6:WS2812B_SetLogoColors	24	static
../Core/Src/ws2812b.c:30:6:WS2812B_Init	8	static
../Core/Src/ws2812b.c:112:6:WS2812B_Clear	8	static
../Core/Src/ws2812b.c:118:6:WS2812B_BreatheEffect	8	static
../Core/Src/ws2812b.c:170:6:WS2812B_WaveEffect	24	static
../Core/Src/ws2812b.c:201:6:WS2812B_PulseEffect	8	static
../Core/Src/ws2812b.c:246:10:WS2812B_Wheel	8	static
../Core/Src/ws2812b.c:220:6:WS2812B_RainbowEffect	24	static
../Core/Src/ws2812b.c:286:10:ws_random_byte	8	static
../Core/Src/ws2812b.c:139:6:WS2812B_SparkleEffect	16	static
../Core/Src/ws2812b.c:260:6:WS2812B_RunEffect	8	static
