../Core/Src/ws2812b.c:35:10:WS2812B_Color	24	static
../Core/Src/ws2812b.c:43:6:WS2812B_PrepareBuffer	32	static
../Core/Src/ws2812b.c:69:6:WS2812B_SendToLEDs	16	static
../Core/Src/ws2812b.c:85:6:WS2812B_TIM_DMADelayPulseFinished	0	static
../Core/Src/ws2812b.c:90:6:WS2812B_SetLogoColors	24	static
../Core/Src/ws2812b.c:29:6:WS2812B_Init	8	static
../Core/Src/ws2812b.c:110:6:WS2812B_Clear	8	static
../Core/Src/ws2812b.c:116:6:WS2812B_BreatheEffect	8	static
../Core/Src/ws2812b.c:168:6:WS2812B_WaveEffect	24	static
../Core/Src/ws2812b.c:199:6:WS2812B_PulseEffect	8	static
../Core/Src/ws2812b.c:244:10:WS2812B_Wheel	8	static
../Core/Src/ws2812b.c:218:6:WS2812B_RainbowEffect	24	static
../Core/Src/ws2812b.c:284:10:ws_random_byte	8	static
../Core/Src/ws2812b.c:137:6:WS2812B_SparkleEffect	16	static
../Core/Src/ws2812b.c:258:6:WS2812B_RunEffect	8	static
