../Core/Src/ws2812b.c:53:10:WS2812B_Color	24	static
../Core/Src/ws2812b.c:61:6:WS2812B_PrepareBuffer	32	static
../Core/Src/ws2812b.c:87:6:WS2812B_SendToLEDs	16	static
../Core/Src/ws2812b.c:104:6:WS2812B_TIM_DMADelayPulseFinished	0	static
../Core/Src/ws2812b.c:109:6:WS2812B_SetLogoColors	24	static
../Core/Src/ws2812b.c:46:6:WS2812B_Init	8	static
../Core/Src/ws2812b.c:129:6:WS2812B_Clear	8	static
../Core/Src/ws2812b.c:135:6:WS2812B_StaticLogoEffect	8	static
../Core/Src/ws2812b.c:145:6:WS2812B_BreatheEffect	8	static
../Core/Src/ws2812b.c:191:6:WS2812B_WaveEffect	24	static
../Core/Src/ws2812b.c:222:6:WS2812B_PulseEffect	8	static
../Core/Src/ws2812b.c:260:6:WS2812B_CometEffect	32	static
../Core/Src/ws2812b.c:307:6:WS2812B_FillEffect	24	static
../Core/Src/ws2812b.c:357:6:WS2812B_ScannerEffect	32	static
../Core/Src/ws2812b.c:431:6:WS2812B_StrobeEffect	40	static
../Core/Src/ws2812b.c:475:10:WS2812B_Wheel	8	static
../Core/Src/ws2812b.c:242:6:WS2812B_RainbowEffect	24	static
../Core/Src/ws2812b.c:405:6:WS2812B_ColorShiftEffect	32	static
../Core/Src/ws2812b.c:557:6:WS2812B_TriggerStaticLogoUpdate	0	static
../Core/Src/ws2812b.c:562:10:ws_random_byte	8	static
../Core/Src/ws2812b.c:167:6:WS2812B_SparkleEffect	16	static
../Core/Src/ws2812b.c:489:6:WS2812B_RunEffect	8	static
