../Core/Src/ws2812b.c:35:10:WS2812B_Color	24	static
../Core/Src/ws2812b.c:43:6:WS2812B_PrepareBuffer	32	static
../Core/Src/ws2812b.c:69:6:WS2812B_SendToLEDs	16	static
../Core/Src/ws2812b.c:86:6:WS2812B_TIM_DMADelayPulseFinished	0	static
../Core/Src/ws2812b.c:91:6:WS2812B_SetLogoColors	24	static
../Core/Src/ws2812b.c:29:6:WS2812B_Init	8	static
../Core/Src/ws2812b.c:111:6:WS2812B_Clear	8	static
../Core/Src/ws2812b.c:117:6:WS2812B_BreatheEffect	8	static
../Core/Src/ws2812b.c:165:6:WS2812B_WaveEffect	24	static
../Core/Src/ws2812b.c:198:6:WS2812B_PulseEffect	8	static
../Core/Src/ws2812b.c:237:10:WS2812B_Wheel	8	static
../Core/Src/ws2812b.c:217:6:WS2812B_RainbowEffect	24	static
../Core/Src/ws2812b.c:252:6:WS2812B_CometEffect	32	static
../Core/Src/ws2812b.c:302:6:WS2812B_FillEffect	24	static
../Core/Src/ws2812b.c:355:6:WS2812B_ScannerEffect	32	static
../Core/Src/ws2812b.c:404:6:WS2812B_ColorShiftEffect	32	static
../Core/Src/ws2812b.c:434:6:WS2812B_StrobeEffect	40	static
../Core/Src/ws2812b.c:533:10:ws_random_byte	8	static
../Core/Src/ws2812b.c:138:6:WS2812B_SparkleEffect	16	static
../Core/Src/ws2812b.c:479:6:WS2812B_RunEffect	8	static
