../Core/Src/ws2812b.c:54:10:WS2812B_Color	24	static
../Core/Src/ws2812b.c:62:6:WS2812B_PrepareBuffer	32	static
../Core/Src/ws2812b.c:88:6:WS2812B_SendToLEDs	16	static
../Core/Src/ws2812b.c:105:6:WS2812B_TIM_DMADelayPulseFinished	0	static
../Core/Src/ws2812b.c:110:6:WS2812B_SetLogoColors	24	static
../Core/Src/ws2812b.c:48:6:WS2812B_Init	8	static
../Core/Src/ws2812b.c:132:6:WS2812B_Clear	8	static
../Core/Src/ws2812b.c:138:6:WS2812B_BreatheEffect	8	static
../Core/Src/ws2812b.c:184:6:WS2812B_WaveEffect	24	static
../Core/Src/ws2812b.c:215:6:WS2812B_PulseEffect	8	static
../Core/Src/ws2812b.c:253:6:WS2812B_CometEffect	32	static
../Core/Src/ws2812b.c:300:6:WS2812B_FillEffect	24	static
../Core/Src/ws2812b.c:350:6:WS2812B_ScannerEffect	32	static
../Core/Src/ws2812b.c:424:6:WS2812B_StrobeEffect	40	static
../Core/Src/ws2812b.c:468:10:WS2812B_Wheel	8	static
../Core/Src/ws2812b.c:235:6:WS2812B_RainbowEffect	24	static
../Core/Src/ws2812b.c:398:6:WS2812B_ColorShiftEffect	32	static
../Core/Src/ws2812b.c:536:10:ws_random_byte	8	static
../Core/Src/ws2812b.c:160:6:WS2812B_SparkleEffect	16	static
../Core/Src/ws2812b.c:482:6:WS2812B_RunEffect	8	static
